// Jest Snapshot v1, https://goo.gl/fbAQLP

exports[`Pruebas en <Search /> debe de mostrarse correactamente con valores por defecto 1`] = `
<div>
  <div
    class="searchContent mt-5"
  >
    <div
      class="col-12 col-md-8 col-lg-5 m-auto"
    >
      <form
        class="d-flex"
      >
        <input
          autocomplete="off"
          class="form-control"
          name="searchText"
          placeholder="Find your hero"
          type="text"
          value=""
        />
        <button
          class="btn mx-3 btn-block btn-outline-primary"
          type="submit"
        >
          Search...
        </button>
      </form>
    </div>
    <div
      class="row d-flex justify-content-center"
    >
      <div
        class="m-5 col-4 text-center alert alert-info animate__animated animate__fadeIn"
      >
        Search a hero
      </div>
      <div
        class="m-5 col-10 col-md-6 col-lg-4 text-center alert alert-danger animate__animated animate__fadeIn"
        style="display: none;"
      >
        There is no a hero with 
      </div>
      <div
        class="row row-cols-1 row-cols-md-2 row-cols-xl-3 g-5 mb-4 mt-1"
      />
    </div>
  </div>
</div>
`;
